src/app/about/page.tsx(360,33): error TS2322: Type '{ hidden: { opacity: number; y: number; }; visible: (i: number) => { opacity: number; y: number; transition: { duration: number; delay: number; ease: string; }; }; }' is not assignable to type 'Variants'.
  Property 'visible' is incompatible with index signature.
    Type '(i: number) => { opacity: number; y: number; transition: { duration: number; delay: number; ease: string; }; }' is not assignable to type 'Variant'.
      Type '(i: number) => { opacity: number; y: number; transition: { duration: number; delay: number; ease: string; }; }' is not assignable to type 'TargetResolver'.
        Type '{ opacity: number; y: number; transition: { duration: number; delay: number; ease: string; }; }' is not assignable to type 'string | TargetAndTransition'.
          Type '{ opacity: number; y: number; transition: { duration: number; delay: number; ease: string; }; }' is not assignable to type 'TargetAndTransition'.
            Type '{ opacity: number; y: number; transition: { duration: number; delay: number; ease: string; }; }' is not assignable to type '{ transition?: Transition<any> | undefined; transitionEnd?: ResolvedValues$1 | undefined; }'.
              Types of property 'transition' are incompatible.
                Type '{ duration: number; delay: number; ease: string; }' is not assignable to type 'Transition<any> | undefined'.
                  Type '{ duration: number; delay: number; ease: string; }' is not assignable to type 'TransitionWithValueOverrides<any>'.
                    Type '{ duration: number; delay: number; ease: string; }' is not assignable to type 'ValueAnimationTransition<any>'.
                      Types of property 'ease' are incompatible.
                        Type 'string' is not assignable to type 'Easing | Easing[] | undefined'.
src/app/about/page.tsx(403,33): error TS2322: Type '{ hidden: { opacity: number; y: number; }; visible: (i: number) => { opacity: number; y: number; transition: { duration: number; delay: number; ease: string; }; }; }' is not assignable to type 'Variants'.
  Property 'visible' is incompatible with index signature.
    Type '(i: number) => { opacity: number; y: number; transition: { duration: number; delay: number; ease: string; }; }' is not assignable to type 'Variant'.
      Type '(i: number) => { opacity: number; y: number; transition: { duration: number; delay: number; ease: string; }; }' is not assignable to type 'TargetResolver'.
        Type '{ opacity: number; y: number; transition: { duration: number; delay: number; ease: string; }; }' is not assignable to type 'string | TargetAndTransition'.
          Type '{ opacity: number; y: number; transition: { duration: number; delay: number; ease: string; }; }' is not assignable to type 'TargetAndTransition'.
            Type '{ opacity: number; y: number; transition: { duration: number; delay: number; ease: string; }; }' is not assignable to type '{ transition?: Transition<any> | undefined; transitionEnd?: ResolvedValues$1 | undefined; }'.
              Types of property 'transition' are incompatible.
                Type '{ duration: number; delay: number; ease: string; }' is not assignable to type 'Transition<any> | undefined'.
                  Type '{ duration: number; delay: number; ease: string; }' is not assignable to type 'TransitionWithValueOverrides<any>'.
                    Type '{ duration: number; delay: number; ease: string; }' is not assignable to type 'ValueAnimationTransition<any>'.
                      Types of property 'ease' are incompatible.
                        Type 'string' is not assignable to type 'Easing | Easing[] | undefined'.
src/app/about/page.tsx(456,37): error TS2322: Type '{ hidden: { opacity: number; y: number; }; visible: (i: number) => { opacity: number; y: number; transition: { duration: number; delay: number; ease: string; }; }; }' is not assignable to type 'Variants'.
  Property 'visible' is incompatible with index signature.
    Type '(i: number) => { opacity: number; y: number; transition: { duration: number; delay: number; ease: string; }; }' is not assignable to type 'Variant'.
      Type '(i: number) => { opacity: number; y: number; transition: { duration: number; delay: number; ease: string; }; }' is not assignable to type 'TargetResolver'.
        Type '{ opacity: number; y: number; transition: { duration: number; delay: number; ease: string; }; }' is not assignable to type 'string | TargetAndTransition'.
          Type '{ opacity: number; y: number; transition: { duration: number; delay: number; ease: string; }; }' is not assignable to type 'TargetAndTransition'.
            Type '{ opacity: number; y: number; transition: { duration: number; delay: number; ease: string; }; }' is not assignable to type '{ transition?: Transition<any> | undefined; transitionEnd?: ResolvedValues$1 | undefined; }'.
              Types of property 'transition' are incompatible.
                Type '{ duration: number; delay: number; ease: string; }' is not assignable to type 'Transition<any> | undefined'.
                  Type '{ duration: number; delay: number; ease: string; }' is not assignable to type 'TransitionWithValueOverrides<any>'.
                    Type '{ duration: number; delay: number; ease: string; }' is not assignable to type 'ValueAnimationTransition<any>'.
                      Types of property 'ease' are incompatible.
                        Type 'string' is not assignable to type 'Easing | Easing[] | undefined'.
src/app/about/page.tsx(512,33): error TS2322: Type '{ hidden: { opacity: number; y: number; }; visible: (i: number) => { opacity: number; y: number; transition: { duration: number; delay: number; ease: string; }; }; }' is not assignable to type 'Variants'.
  Property 'visible' is incompatible with index signature.
    Type '(i: number) => { opacity: number; y: number; transition: { duration: number; delay: number; ease: string; }; }' is not assignable to type 'Variant'.
      Type '(i: number) => { opacity: number; y: number; transition: { duration: number; delay: number; ease: string; }; }' is not assignable to type 'TargetResolver'.
        Type '{ opacity: number; y: number; transition: { duration: number; delay: number; ease: string; }; }' is not assignable to type 'string | TargetAndTransition'.
          Type '{ opacity: number; y: number; transition: { duration: number; delay: number; ease: string; }; }' is not assignable to type 'TargetAndTransition'.
            Type '{ opacity: number; y: number; transition: { duration: number; delay: number; ease: string; }; }' is not assignable to type '{ transition?: Transition<any> | undefined; transitionEnd?: ResolvedValues$1 | undefined; }'.
              Types of property 'transition' are incompatible.
                Type '{ duration: number; delay: number; ease: string; }' is not assignable to type 'Transition<any> | undefined'.
                  Type '{ duration: number; delay: number; ease: string; }' is not assignable to type 'TransitionWithValueOverrides<any>'.
                    Type '{ duration: number; delay: number; ease: string; }' is not assignable to type 'ValueAnimationTransition<any>'.
                      Types of property 'ease' are incompatible.
                        Type 'string' is not assignable to type 'Easing | Easing[] | undefined'.
src/app/about/page.tsx(555,33): error TS2322: Type '{ hidden: { opacity: number; y: number; }; visible: (i: number) => { opacity: number; y: number; transition: { duration: number; delay: number; ease: string; }; }; }' is not assignable to type 'Variants'.
  Property 'visible' is incompatible with index signature.
    Type '(i: number) => { opacity: number; y: number; transition: { duration: number; delay: number; ease: string; }; }' is not assignable to type 'Variant'.
      Type '(i: number) => { opacity: number; y: number; transition: { duration: number; delay: number; ease: string; }; }' is not assignable to type 'TargetResolver'.
        Type '{ opacity: number; y: number; transition: { duration: number; delay: number; ease: string; }; }' is not assignable to type 'string | TargetAndTransition'.
          Type '{ opacity: number; y: number; transition: { duration: number; delay: number; ease: string; }; }' is not assignable to type 'TargetAndTransition'.
            Type '{ opacity: number; y: number; transition: { duration: number; delay: number; ease: string; }; }' is not assignable to type '{ transition?: Transition<any> | undefined; transitionEnd?: ResolvedValues$1 | undefined; }'.
              Types of property 'transition' are incompatible.
                Type '{ duration: number; delay: number; ease: string; }' is not assignable to type 'Transition<any> | undefined'.
                  Type '{ duration: number; delay: number; ease: string; }' is not assignable to type 'TransitionWithValueOverrides<any>'.
                    Type '{ duration: number; delay: number; ease: string; }' is not assignable to type 'ValueAnimationTransition<any>'.
                      Types of property 'ease' are incompatible.
                        Type 'string' is not assignable to type 'Easing | Easing[] | undefined'.
